<?xml version="1.0" encoding="utf-8"?><testsuites name="pytest tests"><testsuite name="pytest" errors="1" failures="0" skipped="0" tests="1" time="0.412" timestamp="2026-03-28T23:58:42.403997+09:00" hostname="ShinsukenoMac-mini.local"><testcase classname="" name="test_calc" time="0.000"><error message="collection failure">import file mismatch:
imported module 'test_calc' has this __file__ attribute:
  /Users/shinsukeimanaka/projects/langgraph-orchestrator/src/tests/test_calc.py
which is not the same as the test file we want to collect:
  /Users/shinsukeimanaka/projects/langgraph-orchestrator/test_calc.py
HINT: remove __pycache__ / .pyc files and/or use a unique basename for your test file modules</error></testcase></testsuite></testsuites>